(1 + 2) * 3
a-1->b: c1; (a-1->b: c1 * a-1->b: c1); end
(λ.0) (λ.0)
λ.0 (λ.0)
aω ∨ ((⊥⋅c)∞ ∨ (ε⋅b)✭⋅b✭)
